[3.607s] Invoking command in '/home/man6/Desktop/week7/ros2_ws/src/week7_pkg': PYTHONPATH=/home/man6/Desktop/week7/build/week7_pkg/prefix_override:/usr/lib/python3/dist-packages/colcon_core/task/python/colcon_distutils_commands:/home/man6/Desktop/week7/install/week7_pkg/lib/python3.10/site-packages:${PYTHONPATH} /usr/bin/python3 -W ignore:setup.py install is deprecated -W ignore:easy_install command is deprecated setup.py egg_info --egg-base ../../../build/week7_pkg build --build-base /home/man6/Desktop/week7/build/week7_pkg/build install --record /home/man6/Desktop/week7/build/week7_pkg/install.log --single-version-externally-managed install_data
[4.986s] running egg_info
[4.988s] creating ../../../build/week7_pkg/week7_pkg.egg-info
[4.990s] writing ../../../build/week7_pkg/week7_pkg.egg-info/PKG-INFO
[4.991s] writing dependency_links to ../../../build/week7_pkg/week7_pkg.egg-info/dependency_links.txt
[4.992s] writing entry points to ../../../build/week7_pkg/week7_pkg.egg-info/entry_points.txt
[4.993s] writing requirements to ../../../build/week7_pkg/week7_pkg.egg-info/requires.txt
[4.993s] writing top-level names to ../../../build/week7_pkg/week7_pkg.egg-info/top_level.txt
[4.994s] writing manifest file '../../../build/week7_pkg/week7_pkg.egg-info/SOURCES.txt'
[5.006s] reading manifest file '../../../build/week7_pkg/week7_pkg.egg-info/SOURCES.txt'
[5.010s] writing manifest file '../../../build/week7_pkg/week7_pkg.egg-info/SOURCES.txt'
[5.011s] running build
[5.011s] running build_py
[5.012s] creating /home/man6/Desktop/week7/build/week7_pkg/build
[5.012s] creating /home/man6/Desktop/week7/build/week7_pkg/build/lib
[5.012s] creating /home/man6/Desktop/week7/build/week7_pkg/build/lib/week7_pkg
[5.013s] copying week7_pkg/__init__.py -> /home/man6/Desktop/week7/build/week7_pkg/build/lib/week7_pkg
[5.013s] copying week7_pkg/waypoint_navigator.py -> /home/man6/Desktop/week7/build/week7_pkg/build/lib/week7_pkg
[5.014s] running install
[5.015s] running install_lib
[5.019s] creating /home/man6/Desktop/week7/install/week7_pkg/lib/python3.10/site-packages/week7_pkg
[5.021s] copying /home/man6/Desktop/week7/build/week7_pkg/build/lib/week7_pkg/__init__.py -> /home/man6/Desktop/week7/install/week7_pkg/lib/python3.10/site-packages/week7_pkg
[5.021s] copying /home/man6/Desktop/week7/build/week7_pkg/build/lib/week7_pkg/waypoint_navigator.py -> /home/man6/Desktop/week7/install/week7_pkg/lib/python3.10/site-packages/week7_pkg
[5.023s] byte-compiling /home/man6/Desktop/week7/install/week7_pkg/lib/python3.10/site-packages/week7_pkg/__init__.py to __init__.cpython-310.pyc
[5.024s] byte-compiling /home/man6/Desktop/week7/install/week7_pkg/lib/python3.10/site-packages/week7_pkg/waypoint_navigator.py to waypoint_navigator.cpython-310.pyc
[5.029s]   File "/home/man6/Desktop/week7/install/week7_pkg/lib/python3.10/site-packages/week7_pkg/waypoint_navigator.py", line 67
[5.030s]     main()import rclpy
[5.031s]           ^^^^^^
[5.032s] SyntaxError: invalid syntax
[5.032s] 
[5.033s] running install_data
[5.033s] creating /home/man6/Desktop/week7/install/week7_pkg/share/ament_index
[5.034s] creating /home/man6/Desktop/week7/install/week7_pkg/share/ament_index/resource_index
[5.034s] creating /home/man6/Desktop/week7/install/week7_pkg/share/ament_index/resource_index/packages
[5.034s] copying resource/week7_pkg -> /home/man6/Desktop/week7/install/week7_pkg/share/ament_index/resource_index/packages
[5.035s] copying package.xml -> /home/man6/Desktop/week7/install/week7_pkg/share/week7_pkg
[5.035s] running install_egg_info
[5.040s] Copying ../../../build/week7_pkg/week7_pkg.egg-info to /home/man6/Desktop/week7/install/week7_pkg/lib/python3.10/site-packages/week7_pkg-0.0.0-py3.10.egg-info
[5.045s] running install_scripts
[5.162s] writing list of installed files to '/home/man6/Desktop/week7/build/week7_pkg/install.log'
[5.280s] Invoked command in '/home/man6/Desktop/week7/ros2_ws/src/week7_pkg' returned '0': PYTHONPATH=/home/man6/Desktop/week7/build/week7_pkg/prefix_override:/usr/lib/python3/dist-packages/colcon_core/task/python/colcon_distutils_commands:/home/man6/Desktop/week7/install/week7_pkg/lib/python3.10/site-packages:${PYTHONPATH} /usr/bin/python3 -W ignore:setup.py install is deprecated -W ignore:easy_install command is deprecated setup.py egg_info --egg-base ../../../build/week7_pkg build --build-base /home/man6/Desktop/week7/build/week7_pkg/build install --record /home/man6/Desktop/week7/build/week7_pkg/install.log --single-version-externally-managed install_data
