[0.752s] Invoking command in '/home/man6/Desktop/week4/ros2_ws/src/my_launch_pkg': PYTHONPATH=/home/man6/Desktop/week4/build/my_launch_pkg/prefix_override:/usr/lib/python3/dist-packages/colcon_core/task/python/colcon_distutils_commands:/home/man6/Desktop/week4/install/my_launch_pkg/lib/python3.10/site-packages:${PYTHONPATH} /usr/bin/python3 -W ignore:setup.py install is deprecated -W ignore:easy_install command is deprecated setup.py egg_info --egg-base ../../../build/my_launch_pkg build --build-base /home/man6/Desktop/week4/build/my_launch_pkg/build install --record /home/man6/Desktop/week4/build/my_launch_pkg/install.log --single-version-externally-managed install_data
[1.026s] running egg_info
[1.027s] creating ../../../build/my_launch_pkg/my_launch_pkg.egg-info
[1.027s] writing ../../../build/my_launch_pkg/my_launch_pkg.egg-info/PKG-INFO
[1.027s] writing dependency_links to ../../../build/my_launch_pkg/my_launch_pkg.egg-info/dependency_links.txt
[1.027s] writing entry points to ../../../build/my_launch_pkg/my_launch_pkg.egg-info/entry_points.txt
[1.027s] writing requirements to ../../../build/my_launch_pkg/my_launch_pkg.egg-info/requires.txt
[1.027s] writing top-level names to ../../../build/my_launch_pkg/my_launch_pkg.egg-info/top_level.txt
[1.027s] writing manifest file '../../../build/my_launch_pkg/my_launch_pkg.egg-info/SOURCES.txt'
[1.032s] reading manifest file '../../../build/my_launch_pkg/my_launch_pkg.egg-info/SOURCES.txt'
[1.034s] writing manifest file '../../../build/my_launch_pkg/my_launch_pkg.egg-info/SOURCES.txt'
[1.034s] running build
[1.034s] running build_py
[1.035s] creating /home/man6/Desktop/week4/build/my_launch_pkg/build
[1.035s] creating /home/man6/Desktop/week4/build/my_launch_pkg/build/lib
[1.036s] creating /home/man6/Desktop/week4/build/my_launch_pkg/build/lib/my_launch_pkg
[1.036s] copying my_launch_pkg/__init__.py -> /home/man6/Desktop/week4/build/my_launch_pkg/build/lib/my_launch_pkg
[1.036s] copying my_launch_pkg/task3_follower.py -> /home/man6/Desktop/week4/build/my_launch_pkg/build/lib/my_launch_pkg
[1.037s] running install
[1.037s] running install_lib
[1.040s] creating /home/man6/Desktop/week4/install/my_launch_pkg/lib/python3.10/site-packages/my_launch_pkg
[1.040s] copying /home/man6/Desktop/week4/build/my_launch_pkg/build/lib/my_launch_pkg/__init__.py -> /home/man6/Desktop/week4/install/my_launch_pkg/lib/python3.10/site-packages/my_launch_pkg
[1.041s] copying /home/man6/Desktop/week4/build/my_launch_pkg/build/lib/my_launch_pkg/task3_follower.py -> /home/man6/Desktop/week4/install/my_launch_pkg/lib/python3.10/site-packages/my_launch_pkg
[1.041s] byte-compiling /home/man6/Desktop/week4/install/my_launch_pkg/lib/python3.10/site-packages/my_launch_pkg/__init__.py to __init__.cpython-310.pyc
[1.042s] byte-compiling /home/man6/Desktop/week4/install/my_launch_pkg/lib/python3.10/site-packages/my_launch_pkg/task3_follower.py to task3_follower.cpython-310.pyc
[1.042s] running install_data
[1.043s] creating /home/man6/Desktop/week4/install/my_launch_pkg/share/ament_index
[1.043s] creating /home/man6/Desktop/week4/install/my_launch_pkg/share/ament_index/resource_index
[1.043s] creating /home/man6/Desktop/week4/install/my_launch_pkg/share/ament_index/resource_index/packages
[1.043s] copying resource/my_launch_pkg -> /home/man6/Desktop/week4/install/my_launch_pkg/share/ament_index/resource_index/packages
[1.044s] copying package.xml -> /home/man6/Desktop/week4/install/my_launch_pkg/share/my_launch_pkg
[1.044s] creating /home/man6/Desktop/week4/install/my_launch_pkg/share/my_launch_pkg/launch
[1.044s] copying launch/two_turtles_launch.py -> /home/man6/Desktop/week4/install/my_launch_pkg/share/my_launch_pkg/launch
[1.044s] copying launch/turtlesim_launch.py -> /home/man6/Desktop/week4/install/my_launch_pkg/share/my_launch_pkg/launch
[1.044s] running install_egg_info
[1.047s] Copying ../../../build/my_launch_pkg/my_launch_pkg.egg-info to /home/man6/Desktop/week4/install/my_launch_pkg/lib/python3.10/site-packages/my_launch_pkg-0.0.0-py3.10.egg-info
[1.048s] running install_scripts
[1.071s] Installing task3_follower script to /home/man6/Desktop/week4/install/my_launch_pkg/lib/my_launch_pkg
[1.071s] writing list of installed files to '/home/man6/Desktop/week4/build/my_launch_pkg/install.log'
[1.094s] Invoked command in '/home/man6/Desktop/week4/ros2_ws/src/my_launch_pkg' returned '0': PYTHONPATH=/home/man6/Desktop/week4/build/my_launch_pkg/prefix_override:/usr/lib/python3/dist-packages/colcon_core/task/python/colcon_distutils_commands:/home/man6/Desktop/week4/install/my_launch_pkg/lib/python3.10/site-packages:${PYTHONPATH} /usr/bin/python3 -W ignore:setup.py install is deprecated -W ignore:easy_install command is deprecated setup.py egg_info --egg-base ../../../build/my_launch_pkg build --build-base /home/man6/Desktop/week4/build/my_launch_pkg/build install --record /home/man6/Desktop/week4/build/my_launch_pkg/install.log --single-version-externally-managed install_data
