[0.730s] Invoking command in '/home/man6/Desktop/week4/ros2_ws/src/my_launch_pkg': PYTHONPATH=/home/man6/Desktop/week4/ros2_ws/build/my_launch_pkg/prefix_override:/usr/lib/python3/dist-packages/colcon_core/task/python/colcon_distutils_commands:/home/man6/Desktop/week4/ros2_ws/install/my_launch_pkg/lib/python3.10/site-packages:${PYTHONPATH} /usr/bin/python3 -W ignore:setup.py install is deprecated -W ignore:easy_install command is deprecated setup.py egg_info --egg-base ../../build/my_launch_pkg build --build-base /home/man6/Desktop/week4/ros2_ws/build/my_launch_pkg/build install --record /home/man6/Desktop/week4/ros2_ws/build/my_launch_pkg/install.log --single-version-externally-managed install_data
[1.069s] running egg_info
[1.070s] writing ../../build/my_launch_pkg/my_launch_pkg.egg-info/PKG-INFO
[1.070s] writing dependency_links to ../../build/my_launch_pkg/my_launch_pkg.egg-info/dependency_links.txt
[1.070s] writing entry points to ../../build/my_launch_pkg/my_launch_pkg.egg-info/entry_points.txt
[1.070s] writing requirements to ../../build/my_launch_pkg/my_launch_pkg.egg-info/requires.txt
[1.070s] writing top-level names to ../../build/my_launch_pkg/my_launch_pkg.egg-info/top_level.txt
[1.072s] reading manifest file '../../build/my_launch_pkg/my_launch_pkg.egg-info/SOURCES.txt'
[1.073s] writing manifest file '../../build/my_launch_pkg/my_launch_pkg.egg-info/SOURCES.txt'
[1.073s] running build
[1.074s] running build_py
[1.074s] running install
[1.074s] running install_lib
[1.076s] running install_data
[1.076s] copying launch/two_turtles_launch.py -> /home/man6/Desktop/week4/ros2_ws/install/my_launch_pkg/share/my_launch_pkg/launch
[1.076s] running install_egg_info
[1.078s] removing '/home/man6/Desktop/week4/ros2_ws/install/my_launch_pkg/lib/python3.10/site-packages/my_launch_pkg-0.0.0-py3.10.egg-info' (and everything under it)
[1.079s] Copying ../../build/my_launch_pkg/my_launch_pkg.egg-info to /home/man6/Desktop/week4/ros2_ws/install/my_launch_pkg/lib/python3.10/site-packages/my_launch_pkg-0.0.0-py3.10.egg-info
[1.080s] running install_scripts
[1.106s] writing list of installed files to '/home/man6/Desktop/week4/ros2_ws/build/my_launch_pkg/install.log'
[1.135s] Invoked command in '/home/man6/Desktop/week4/ros2_ws/src/my_launch_pkg' returned '0': PYTHONPATH=/home/man6/Desktop/week4/ros2_ws/build/my_launch_pkg/prefix_override:/usr/lib/python3/dist-packages/colcon_core/task/python/colcon_distutils_commands:/home/man6/Desktop/week4/ros2_ws/install/my_launch_pkg/lib/python3.10/site-packages:${PYTHONPATH} /usr/bin/python3 -W ignore:setup.py install is deprecated -W ignore:easy_install command is deprecated setup.py egg_info --egg-base ../../build/my_launch_pkg build --build-base /home/man6/Desktop/week4/ros2_ws/build/my_launch_pkg/build install --record /home/man6/Desktop/week4/ros2_ws/build/my_launch_pkg/install.log --single-version-externally-managed install_data
