[2.334s] Invoking command in '/home/man6/Desktop/week6/ros2_ws/src/week6_pkg': PYTHONPATH=/home/man6/Desktop/week6/ros2_ws/src/build/week6_pkg/prefix_override:/usr/lib/python3/dist-packages/colcon_core/task/python/colcon_distutils_commands:/home/man6/Desktop/week6/ros2_ws/src/install/week6_pkg/lib/python3.10/site-packages:${PYTHONPATH} /usr/bin/python3 -W ignore:setup.py install is deprecated -W ignore:easy_install command is deprecated setup.py egg_info --egg-base ../build/week6_pkg build --build-base /home/man6/Desktop/week6/ros2_ws/src/build/week6_pkg/build install --record /home/man6/Desktop/week6/ros2_ws/src/build/week6_pkg/install.log --single-version-externally-managed install_data
[3.136s] running egg_info
[3.137s] creating ../build/week6_pkg/week6_pkg.egg-info
[3.138s] writing ../build/week6_pkg/week6_pkg.egg-info/PKG-INFO
[3.138s] writing dependency_links to ../build/week6_pkg/week6_pkg.egg-info/dependency_links.txt
[3.138s] writing entry points to ../build/week6_pkg/week6_pkg.egg-info/entry_points.txt
[3.139s] writing requirements to ../build/week6_pkg/week6_pkg.egg-info/requires.txt
[3.139s] writing top-level names to ../build/week6_pkg/week6_pkg.egg-info/top_level.txt
[3.139s] writing manifest file '../build/week6_pkg/week6_pkg.egg-info/SOURCES.txt'
[3.145s] reading manifest file '../build/week6_pkg/week6_pkg.egg-info/SOURCES.txt'
[3.149s] writing manifest file '../build/week6_pkg/week6_pkg.egg-info/SOURCES.txt'
[3.149s] running build
[3.150s] running build_py
[3.150s] creating /home/man6/Desktop/week6/ros2_ws/src/build/week6_pkg/build
[3.151s] creating /home/man6/Desktop/week6/ros2_ws/src/build/week6_pkg/build/lib
[3.151s] creating /home/man6/Desktop/week6/ros2_ws/src/build/week6_pkg/build/lib/week6_pkg
[3.151s] copying week6_pkg/__init__.py -> /home/man6/Desktop/week6/ros2_ws/src/build/week6_pkg/build/lib/week6_pkg
[3.151s] running install
[3.152s] running install_lib
[3.154s] creating /home/man6/Desktop/week6/ros2_ws/src/install/week6_pkg/lib/python3.10/site-packages/week6_pkg
[3.154s] copying /home/man6/Desktop/week6/ros2_ws/src/build/week6_pkg/build/lib/week6_pkg/__init__.py -> /home/man6/Desktop/week6/ros2_ws/src/install/week6_pkg/lib/python3.10/site-packages/week6_pkg
[3.155s] byte-compiling /home/man6/Desktop/week6/ros2_ws/src/install/week6_pkg/lib/python3.10/site-packages/week6_pkg/__init__.py to __init__.cpython-310.pyc
[3.156s] running install_data
[3.157s] creating /home/man6/Desktop/week6/ros2_ws/src/install/week6_pkg/share/ament_index
[3.157s] creating /home/man6/Desktop/week6/ros2_ws/src/install/week6_pkg/share/ament_index/resource_index
[3.157s] creating /home/man6/Desktop/week6/ros2_ws/src/install/week6_pkg/share/ament_index/resource_index/packages
[3.158s] copying resource/week6_pkg -> /home/man6/Desktop/week6/ros2_ws/src/install/week6_pkg/share/ament_index/resource_index/packages
[3.158s] copying package.xml -> /home/man6/Desktop/week6/ros2_ws/src/install/week6_pkg/share/week6_pkg
[3.158s] running install_egg_info
[3.164s] Copying ../build/week6_pkg/week6_pkg.egg-info to /home/man6/Desktop/week6/ros2_ws/src/install/week6_pkg/lib/python3.10/site-packages/week6_pkg-0.0.0-py3.10.egg-info
[3.169s] running install_scripts
[3.238s] writing list of installed files to '/home/man6/Desktop/week6/ros2_ws/src/build/week6_pkg/install.log'
[3.338s] Invoked command in '/home/man6/Desktop/week6/ros2_ws/src/week6_pkg' returned '0': PYTHONPATH=/home/man6/Desktop/week6/ros2_ws/src/build/week6_pkg/prefix_override:/usr/lib/python3/dist-packages/colcon_core/task/python/colcon_distutils_commands:/home/man6/Desktop/week6/ros2_ws/src/install/week6_pkg/lib/python3.10/site-packages:${PYTHONPATH} /usr/bin/python3 -W ignore:setup.py install is deprecated -W ignore:easy_install command is deprecated setup.py egg_info --egg-base ../build/week6_pkg build --build-base /home/man6/Desktop/week6/ros2_ws/src/build/week6_pkg/build install --record /home/man6/Desktop/week6/ros2_ws/src/build/week6_pkg/install.log --single-version-externally-managed install_data
