[0.640s] Invoking command in '/home/man6/ros2_ws/src/my_turtle_package': PYTHONPATH=/home/man6/ros2_ws/build/my_turtle_package/prefix_override:/usr/lib/python3/dist-packages/colcon_core/task/python/colcon_distutils_commands:/home/man6/ros2_ws/install/my_turtle_package/lib/python3.10/site-packages:${PYTHONPATH} /usr/bin/python3 -W ignore:setup.py install is deprecated -W ignore:easy_install command is deprecated setup.py egg_info --egg-base ../../build/my_turtle_package build --build-base /home/man6/ros2_ws/build/my_turtle_package/build install --record /home/man6/ros2_ws/build/my_turtle_package/install.log --single-version-externally-managed install_data
[0.885s] running egg_info
[0.885s] creating ../../build/my_turtle_package/my_turtle_package.egg-info
[0.886s] writing ../../build/my_turtle_package/my_turtle_package.egg-info/PKG-INFO
[0.886s] writing dependency_links to ../../build/my_turtle_package/my_turtle_package.egg-info/dependency_links.txt
[0.886s] writing entry points to ../../build/my_turtle_package/my_turtle_package.egg-info/entry_points.txt
[0.886s] writing requirements to ../../build/my_turtle_package/my_turtle_package.egg-info/requires.txt
[0.886s] writing top-level names to ../../build/my_turtle_package/my_turtle_package.egg-info/top_level.txt
[0.886s] writing manifest file '../../build/my_turtle_package/my_turtle_package.egg-info/SOURCES.txt'
[0.888s] reading manifest file '../../build/my_turtle_package/my_turtle_package.egg-info/SOURCES.txt'
[0.890s] writing manifest file '../../build/my_turtle_package/my_turtle_package.egg-info/SOURCES.txt'
[0.890s] running build
[0.890s] running build_py
[0.890s] creating /home/man6/ros2_ws/build/my_turtle_package/build
[0.890s] creating /home/man6/ros2_ws/build/my_turtle_package/build/lib
[0.890s] creating /home/man6/ros2_ws/build/my_turtle_package/build/lib/my_turtle_package
[0.890s] copying my_turtle_package/my_node.py -> /home/man6/ros2_ws/build/my_turtle_package/build/lib/my_turtle_package
[0.891s] copying my_turtle_package/move_turtle.py -> /home/man6/ros2_ws/build/my_turtle_package/build/lib/my_turtle_package
[0.891s] copying my_turtle_package/__init__.py -> /home/man6/ros2_ws/build/my_turtle_package/build/lib/my_turtle_package
[0.891s] running install
[0.891s] running install_lib
[0.892s] creating /home/man6/ros2_ws/install/my_turtle_package/lib/python3.10/site-packages/my_turtle_package
[0.892s] copying /home/man6/ros2_ws/build/my_turtle_package/build/lib/my_turtle_package/my_node.py -> /home/man6/ros2_ws/install/my_turtle_package/lib/python3.10/site-packages/my_turtle_package
[0.892s] copying /home/man6/ros2_ws/build/my_turtle_package/build/lib/my_turtle_package/move_turtle.py -> /home/man6/ros2_ws/install/my_turtle_package/lib/python3.10/site-packages/my_turtle_package
[0.892s] copying /home/man6/ros2_ws/build/my_turtle_package/build/lib/my_turtle_package/__init__.py -> /home/man6/ros2_ws/install/my_turtle_package/lib/python3.10/site-packages/my_turtle_package
[0.893s] byte-compiling /home/man6/ros2_ws/install/my_turtle_package/lib/python3.10/site-packages/my_turtle_package/my_node.py to my_node.cpython-310.pyc
[0.893s] byte-compiling /home/man6/ros2_ws/install/my_turtle_package/lib/python3.10/site-packages/my_turtle_package/move_turtle.py to move_turtle.cpython-310.pyc
[0.894s] byte-compiling /home/man6/ros2_ws/install/my_turtle_package/lib/python3.10/site-packages/my_turtle_package/__init__.py to __init__.cpython-310.pyc
[0.894s] running install_data
[0.894s] creating /home/man6/ros2_ws/install/my_turtle_package/share/ament_index
[0.894s] creating /home/man6/ros2_ws/install/my_turtle_package/share/ament_index/resource_index
[0.894s] creating /home/man6/ros2_ws/install/my_turtle_package/share/ament_index/resource_index/packages
[0.894s] copying resource/my_turtle_package -> /home/man6/ros2_ws/install/my_turtle_package/share/ament_index/resource_index/packages
[0.895s] copying package.xml -> /home/man6/ros2_ws/install/my_turtle_package/share/my_turtle_package
[0.895s] running install_egg_info
[0.896s] Copying ../../build/my_turtle_package/my_turtle_package.egg-info to /home/man6/ros2_ws/install/my_turtle_package/lib/python3.10/site-packages/my_turtle_package-0.0.0-py3.10.egg-info
[0.897s] running install_scripts
[0.917s] Installing my_node script to /home/man6/ros2_ws/install/my_turtle_package/lib/my_turtle_package
[0.917s] writing list of installed files to '/home/man6/ros2_ws/build/my_turtle_package/install.log'
[0.942s] Invoked command in '/home/man6/ros2_ws/src/my_turtle_package' returned '0': PYTHONPATH=/home/man6/ros2_ws/build/my_turtle_package/prefix_override:/usr/lib/python3/dist-packages/colcon_core/task/python/colcon_distutils_commands:/home/man6/ros2_ws/install/my_turtle_package/lib/python3.10/site-packages:${PYTHONPATH} /usr/bin/python3 -W ignore:setup.py install is deprecated -W ignore:easy_install command is deprecated setup.py egg_info --egg-base ../../build/my_turtle_package build --build-base /home/man6/ros2_ws/build/my_turtle_package/build install --record /home/man6/ros2_ws/build/my_turtle_package/install.log --single-version-externally-managed install_data
