[0.761s] Invoking command in '/home/man6/ros2_ws/src/my_turtle_package': PYTHONPATH=/home/man6/ros2_ws/build/my_turtle_package/prefix_override:/usr/lib/python3/dist-packages/colcon_core/task/python/colcon_distutils_commands:/home/man6/ros2_ws/install/my_turtle_package/lib/python3.10/site-packages:${PYTHONPATH} /usr/bin/python3 -W ignore:setup.py install is deprecated -W ignore:easy_install command is deprecated setup.py egg_info --egg-base ../../build/my_turtle_package build --build-base /home/man6/ros2_ws/build/my_turtle_package/build install --record /home/man6/ros2_ws/build/my_turtle_package/install.log --single-version-externally-managed install_data
[1.058s] running egg_info
[1.058s] writing ../../build/my_turtle_package/my_turtle_package.egg-info/PKG-INFO
[1.059s] writing dependency_links to ../../build/my_turtle_package/my_turtle_package.egg-info/dependency_links.txt
[1.059s] writing entry points to ../../build/my_turtle_package/my_turtle_package.egg-info/entry_points.txt
[1.059s] writing requirements to ../../build/my_turtle_package/my_turtle_package.egg-info/requires.txt
[1.059s] writing top-level names to ../../build/my_turtle_package/my_turtle_package.egg-info/top_level.txt
[1.061s] reading manifest file '../../build/my_turtle_package/my_turtle_package.egg-info/SOURCES.txt'
[1.062s] writing manifest file '../../build/my_turtle_package/my_turtle_package.egg-info/SOURCES.txt'
[1.062s] running build
[1.062s] running build_py
[1.062s] running install
[1.063s] running install_lib
[1.064s] running install_data
[1.064s] running install_egg_info
[1.066s] removing '/home/man6/ros2_ws/install/my_turtle_package/lib/python3.10/site-packages/my_turtle_package-0.0.0-py3.10.egg-info' (and everything under it)
[1.066s] Copying ../../build/my_turtle_package/my_turtle_package.egg-info to /home/man6/ros2_ws/install/my_turtle_package/lib/python3.10/site-packages/my_turtle_package-0.0.0-py3.10.egg-info
[1.067s] running install_scripts
[1.098s] Installing move_turtle script to /home/man6/ros2_ws/install/my_turtle_package/lib/my_turtle_package
[1.098s] writing list of installed files to '/home/man6/ros2_ws/build/my_turtle_package/install.log'
[1.123s] Invoked command in '/home/man6/ros2_ws/src/my_turtle_package' returned '0': PYTHONPATH=/home/man6/ros2_ws/build/my_turtle_package/prefix_override:/usr/lib/python3/dist-packages/colcon_core/task/python/colcon_distutils_commands:/home/man6/ros2_ws/install/my_turtle_package/lib/python3.10/site-packages:${PYTHONPATH} /usr/bin/python3 -W ignore:setup.py install is deprecated -W ignore:easy_install command is deprecated setup.py egg_info --egg-base ../../build/my_turtle_package build --build-base /home/man6/ros2_ws/build/my_turtle_package/build install --record /home/man6/ros2_ws/build/my_turtle_package/install.log --single-version-externally-managed install_data
