[0.703s] Invoking command in '/home/man6/Desktop/week4/ros2_ws/src/my_launch_pkg': PYTHONPATH=/home/man6/Desktop/week4/ros2_ws/build/my_launch_pkg/prefix_override:/usr/lib/python3/dist-packages/colcon_core/task/python/colcon_distutils_commands:/home/man6/Desktop/week4/ros2_ws/install/my_launch_pkg/lib/python3.10/site-packages:${PYTHONPATH} /usr/bin/python3 -W ignore:setup.py install is deprecated -W ignore:easy_install command is deprecated setup.py egg_info --egg-base ../../build/my_launch_pkg build --build-base /home/man6/Desktop/week4/ros2_ws/build/my_launch_pkg/build install --record /home/man6/Desktop/week4/ros2_ws/build/my_launch_pkg/install.log --single-version-externally-managed install_data
[0.994s] running egg_info
[0.995s] writing ../../build/my_launch_pkg/my_launch_pkg.egg-info/PKG-INFO
[0.995s] writing dependency_links to ../../build/my_launch_pkg/my_launch_pkg.egg-info/dependency_links.txt
[0.996s] writing entry points to ../../build/my_launch_pkg/my_launch_pkg.egg-info/entry_points.txt
[0.996s] writing requirements to ../../build/my_launch_pkg/my_launch_pkg.egg-info/requires.txt
[0.996s] writing top-level names to ../../build/my_launch_pkg/my_launch_pkg.egg-info/top_level.txt
[0.998s] reading manifest file '../../build/my_launch_pkg/my_launch_pkg.egg-info/SOURCES.txt'
[0.999s] writing manifest file '../../build/my_launch_pkg/my_launch_pkg.egg-info/SOURCES.txt'
[0.999s] running build
[0.999s] running build_py
[0.999s] running install
[0.999s] running install_lib
[1.002s] running install_data
[1.002s] running install_egg_info
[1.003s] removing '/home/man6/Desktop/week4/ros2_ws/install/my_launch_pkg/lib/python3.10/site-packages/my_launch_pkg-0.0.0-py3.10.egg-info' (and everything under it)
[1.004s] Copying ../../build/my_launch_pkg/my_launch_pkg.egg-info to /home/man6/Desktop/week4/ros2_ws/install/my_launch_pkg/lib/python3.10/site-packages/my_launch_pkg-0.0.0-py3.10.egg-info
[1.005s] running install_scripts
[1.027s] writing list of installed files to '/home/man6/Desktop/week4/ros2_ws/build/my_launch_pkg/install.log'
[1.058s] Invoked command in '/home/man6/Desktop/week4/ros2_ws/src/my_launch_pkg' returned '0': PYTHONPATH=/home/man6/Desktop/week4/ros2_ws/build/my_launch_pkg/prefix_override:/usr/lib/python3/dist-packages/colcon_core/task/python/colcon_distutils_commands:/home/man6/Desktop/week4/ros2_ws/install/my_launch_pkg/lib/python3.10/site-packages:${PYTHONPATH} /usr/bin/python3 -W ignore:setup.py install is deprecated -W ignore:easy_install command is deprecated setup.py egg_info --egg-base ../../build/my_launch_pkg build --build-base /home/man6/Desktop/week4/ros2_ws/build/my_launch_pkg/build install --record /home/man6/Desktop/week4/ros2_ws/build/my_launch_pkg/install.log --single-version-externally-managed install_data
