[0.338s] DEBUG:colcon:Command line arguments: ['/usr/bin/colcon', 'build']
[0.338s] DEBUG:colcon:Parsed command line arguments: Namespace(log_base=None, log_level=None, verb_name='build', build_base='build', install_base='install', merge_install=False, symlink_install=False, test_result_base=None, continue_on_error=False, executor='parallel', parallel_workers=8, event_handlers=None, ignore_user_meta=False, metas=['./colcon.meta'], base_paths=['.'], packages_ignore=None, packages_ignore_regex=None, paths=None, packages_up_to=None, packages_up_to_regex=None, packages_above=None, packages_above_and_dependencies=None, packages_above_depth=None, packages_select_by_dep=None, packages_skip_by_dep=None, packages_skip_up_to=None, packages_select_build_failed=False, packages_skip_build_finished=False, packages_select_test_failures=False, packages_skip_test_passed=False, packages_select=None, packages_skip=None, packages_select_regex=None, packages_skip_regex=None, packages_start=None, packages_end=None, allow_overriding=[], cmake_args=None, cmake_target=None, cmake_target_skip_unavailable=False, cmake_clean_cache=False, cmake_clean_first=False, cmake_force_configure=False, ament_cmake_args=None, catkin_cmake_args=None, catkin_skip_building_tests=False, verb_parser=<colcon_defaults.argument_parser.defaults.DefaultArgumentsDecorator object at 0x78b4ed254520>, verb_extension=<colcon_core.verb.build.BuildVerb object at 0x78b4ed217fd0>, main=<bound method BuildVerb.main of <colcon_core.verb.build.BuildVerb object at 0x78b4ed217fd0>>)
[0.890s] Level 1:colcon.colcon_core.package_discovery:discover_packages(colcon_meta) check parameters
[0.891s] Level 1:colcon.colcon_core.package_discovery:discover_packages(recursive) check parameters
[0.891s] Level 1:colcon.colcon_core.package_discovery:discover_packages(ignore) check parameters
[0.891s] Level 1:colcon.colcon_core.package_discovery:discover_packages(path) check parameters
[0.891s] Level 1:colcon.colcon_core.package_discovery:discover_packages(colcon_meta) discover
[0.892s] Level 1:colcon.colcon_core.package_discovery:discover_packages(recursive) discover
[0.892s] INFO:colcon.colcon_core.package_discovery:Crawling recursively for packages in '/home/man6/Desktop/week6/ros2_ws/src'
[0.892s] Level 1:colcon.colcon_core.package_identification:_identify(.) by extensions ['ignore', 'ignore_ament_install']
[0.892s] Level 1:colcon.colcon_core.package_identification:_identify(.) by extension 'ignore'
[0.892s] Level 1:colcon.colcon_core.package_identification:_identify(.) by extension 'ignore_ament_install'
[0.893s] Level 1:colcon.colcon_core.package_identification:_identify(.) by extensions ['colcon_pkg']
[0.893s] Level 1:colcon.colcon_core.package_identification:_identify(.) by extension 'colcon_pkg'
[0.893s] Level 1:colcon.colcon_core.package_identification:_identify(.) by extensions ['colcon_meta']
[0.893s] Level 1:colcon.colcon_core.package_identification:_identify(.) by extension 'colcon_meta'
[0.893s] Level 1:colcon.colcon_core.package_identification:_identify(.) by extensions ['ros']
[0.893s] Level 1:colcon.colcon_core.package_identification:_identify(.) by extension 'ros'
[0.927s] Level 1:colcon.colcon_core.package_identification:_identify(.) by extensions ['cmake', 'python']
[0.927s] Level 1:colcon.colcon_core.package_identification:_identify(.) by extension 'cmake'
[0.928s] Level 1:colcon.colcon_core.package_identification:_identify(.) by extension 'python'
[0.928s] Level 1:colcon.colcon_core.package_identification:_identify(.) by extensions ['python_setup_py']
[0.928s] Level 1:colcon.colcon_core.package_identification:_identify(.) by extension 'python_setup_py'
[0.928s] Level 1:colcon.colcon_core.package_identification:_identify(build) by extensions ['ignore', 'ignore_ament_install']
[0.929s] Level 1:colcon.colcon_core.package_identification:_identify(build) by extension 'ignore'
[0.929s] Level 1:colcon.colcon_core.package_identification:_identify(build) ignored
[0.929s] Level 1:colcon.colcon_core.package_identification:_identify(install) by extensions ['ignore', 'ignore_ament_install']
[0.930s] Level 1:colcon.colcon_core.package_identification:_identify(install) by extension 'ignore'
[0.930s] Level 1:colcon.colcon_core.package_identification:_identify(install) ignored
[0.930s] Level 1:colcon.colcon_core.package_identification:_identify(log) by extensions ['ignore', 'ignore_ament_install']
[0.930s] Level 1:colcon.colcon_core.package_identification:_identify(log) by extension 'ignore'
[0.930s] Level 1:colcon.colcon_core.package_identification:_identify(log) ignored
[0.931s] Level 1:colcon.colcon_core.package_identification:_identify(week6_pkg) by extensions ['ignore', 'ignore_ament_install']
[0.931s] Level 1:colcon.colcon_core.package_identification:_identify(week6_pkg) by extension 'ignore'
[0.931s] Level 1:colcon.colcon_core.package_identification:_identify(week6_pkg) by extension 'ignore_ament_install'
[0.931s] Level 1:colcon.colcon_core.package_identification:_identify(week6_pkg) by extensions ['colcon_pkg']
[0.931s] Level 1:colcon.colcon_core.package_identification:_identify(week6_pkg) by extension 'colcon_pkg'
[0.931s] Level 1:colcon.colcon_core.package_identification:_identify(week6_pkg) by extensions ['colcon_meta']
[0.931s] Level 1:colcon.colcon_core.package_identification:_identify(week6_pkg) by extension 'colcon_meta'
[0.931s] Level 1:colcon.colcon_core.package_identification:_identify(week6_pkg) by extensions ['ros']
[0.931s] Level 1:colcon.colcon_core.package_identification:_identify(week6_pkg) by extension 'ros'
[0.938s] DEBUG:colcon.colcon_core.package_identification:Package 'week6_pkg' with type 'ros.ament_python' and name 'week6_pkg'
[0.938s] Level 1:colcon.colcon_core.package_discovery:discover_packages(recursive) using defaults
[0.938s] Level 1:colcon.colcon_core.package_discovery:discover_packages(ignore) discover
[0.939s] Level 1:colcon.colcon_core.package_discovery:discover_packages(ignore) using defaults
[0.939s] Level 1:colcon.colcon_core.package_discovery:discover_packages(path) discover
[0.939s] Level 1:colcon.colcon_core.package_discovery:discover_packages(path) using defaults
[0.998s] Level 1:colcon.colcon_core.package_discovery:discover_packages(prefix_path) check parameters
[0.998s] Level 1:colcon.colcon_core.package_discovery:discover_packages(prefix_path) discover
[1.004s] DEBUG:colcon.colcon_installed_package_information.package_discovery:Found 0 installed packages in /home/man6/Desktop/week6/ros2_ws/install
[1.010s] DEBUG:colcon.colcon_installed_package_information.package_discovery:Found 441 installed packages in /opt/ros/humble
[1.042s] Level 1:colcon.colcon_core.package_discovery:discover_packages(prefix_path) using defaults
[1.211s] Level 5:colcon.colcon_core.verb:set package 'week6_pkg' build argument 'cmake_args' from command line to 'None'
[1.212s] Level 5:colcon.colcon_core.verb:set package 'week6_pkg' build argument 'cmake_target' from command line to 'None'
[1.212s] Level 5:colcon.colcon_core.verb:set package 'week6_pkg' build argument 'cmake_target_skip_unavailable' from command line to 'False'
[1.212s] Level 5:colcon.colcon_core.verb:set package 'week6_pkg' build argument 'cmake_clean_cache' from command line to 'False'
[1.212s] Level 5:colcon.colcon_core.verb:set package 'week6_pkg' build argument 'cmake_clean_first' from command line to 'False'
[1.212s] Level 5:colcon.colcon_core.verb:set package 'week6_pkg' build argument 'cmake_force_configure' from command line to 'False'
[1.212s] Level 5:colcon.colcon_core.verb:set package 'week6_pkg' build argument 'ament_cmake_args' from command line to 'None'
[1.212s] Level 5:colcon.colcon_core.verb:set package 'week6_pkg' build argument 'catkin_cmake_args' from command line to 'None'
[1.212s] Level 5:colcon.colcon_core.verb:set package 'week6_pkg' build argument 'catkin_skip_building_tests' from command line to 'False'
[1.212s] DEBUG:colcon.colcon_core.verb:Building package 'week6_pkg' with the following arguments: {'ament_cmake_args': None, 'build_base': '/home/man6/Desktop/week6/ros2_ws/src/build/week6_pkg', 'catkin_cmake_args': None, 'catkin_skip_building_tests': False, 'cmake_args': None, 'cmake_clean_cache': False, 'cmake_clean_first': False, 'cmake_force_configure': False, 'cmake_target': None, 'cmake_target_skip_unavailable': False, 'install_base': '/home/man6/Desktop/week6/ros2_ws/src/install/week6_pkg', 'merge_install': False, 'path': '/home/man6/Desktop/week6/ros2_ws/src/week6_pkg', 'symlink_install': False, 'test_result_base': None}
[1.213s] INFO:colcon.colcon_core.executor:Executing jobs using 'parallel' executor
[1.215s] DEBUG:colcon.colcon_parallel_executor.executor.parallel:run_until_complete
[1.216s] INFO:colcon.colcon_ros.task.ament_python.build:Building ROS package in '/home/man6/Desktop/week6/ros2_ws/src/week6_pkg' with build type 'ament_python'
[1.217s] Level 1:colcon.colcon_core.shell:create_environment_hook('week6_pkg', 'ament_prefix_path')
[1.222s] INFO:colcon.colcon_core.plugin_system:Skipping extension 'colcon_core.shell.bat': Not used on non-Windows systems
[1.222s] INFO:colcon.colcon_core.shell:Creating environment hook '/home/man6/Desktop/week6/ros2_ws/src/install/week6_pkg/share/week6_pkg/hook/ament_prefix_path.ps1'
[1.227s] INFO:colcon.colcon_core.shell:Creating environment descriptor '/home/man6/Desktop/week6/ros2_ws/src/install/week6_pkg/share/week6_pkg/hook/ament_prefix_path.dsv'
[1.229s] INFO:colcon.colcon_core.shell:Creating environment hook '/home/man6/Desktop/week6/ros2_ws/src/install/week6_pkg/share/week6_pkg/hook/ament_prefix_path.sh'
[1.233s] INFO:colcon.colcon_core.shell:Skip shell extension 'powershell' for command environment: Not usable outside of PowerShell
[1.233s] DEBUG:colcon.colcon_core.shell:Skip shell extension 'dsv' for command environment
[2.150s] INFO:colcon.colcon_core.task.python.build:Building Python package in '/home/man6/Desktop/week6/ros2_ws/src/week6_pkg'
[2.151s] INFO:colcon.colcon_core.shell:Skip shell extension 'powershell' for command environment: Not usable outside of PowerShell
[2.151s] DEBUG:colcon.colcon_core.shell:Skip shell extension 'dsv' for command environment
[3.553s] DEBUG:colcon.colcon_core.event_handler.log_command:Invoking command in '/home/man6/Desktop/week6/ros2_ws/src/week6_pkg': PYTHONPATH=/home/man6/Desktop/week6/ros2_ws/src/build/week6_pkg/prefix_override:/usr/lib/python3/dist-packages/colcon_core/task/python/colcon_distutils_commands:/home/man6/Desktop/week6/ros2_ws/src/install/week6_pkg/lib/python3.10/site-packages:${PYTHONPATH} /usr/bin/python3 -W ignore:setup.py install is deprecated -W ignore:easy_install command is deprecated setup.py egg_info --egg-base ../build/week6_pkg build --build-base /home/man6/Desktop/week6/ros2_ws/src/build/week6_pkg/build install --record /home/man6/Desktop/week6/ros2_ws/src/build/week6_pkg/install.log --single-version-externally-managed install_data
[4.557s] DEBUG:colcon.colcon_core.event_handler.log_command:Invoked command in '/home/man6/Desktop/week6/ros2_ws/src/week6_pkg' returned '0': PYTHONPATH=/home/man6/Desktop/week6/ros2_ws/src/build/week6_pkg/prefix_override:/usr/lib/python3/dist-packages/colcon_core/task/python/colcon_distutils_commands:/home/man6/Desktop/week6/ros2_ws/src/install/week6_pkg/lib/python3.10/site-packages:${PYTHONPATH} /usr/bin/python3 -W ignore:setup.py install is deprecated -W ignore:easy_install command is deprecated setup.py egg_info --egg-base ../build/week6_pkg build --build-base /home/man6/Desktop/week6/ros2_ws/src/build/week6_pkg/build install --record /home/man6/Desktop/week6/ros2_ws/src/build/week6_pkg/install.log --single-version-externally-managed install_data
[4.569s] Level 1:colcon.colcon_core.environment:checking '/home/man6/Desktop/week6/ros2_ws/src/install/week6_pkg' for CMake module files
[4.571s] Level 1:colcon.colcon_core.environment:checking '/home/man6/Desktop/week6/ros2_ws/src/install/week6_pkg' for CMake config files
[4.572s] Level 1:colcon.colcon_core.environment:checking '/home/man6/Desktop/week6/ros2_ws/src/install/week6_pkg/lib'
[4.572s] Level 1:colcon.colcon_core.environment:checking '/home/man6/Desktop/week6/ros2_ws/src/install/week6_pkg/bin'
[4.573s] Level 1:colcon.colcon_core.environment:checking '/home/man6/Desktop/week6/ros2_ws/src/install/week6_pkg/lib/pkgconfig/week6_pkg.pc'
[4.573s] Level 1:colcon.colcon_core.environment:checking '/home/man6/Desktop/week6/ros2_ws/src/install/week6_pkg/lib/python3.10/site-packages'
[4.573s] Level 1:colcon.colcon_core.shell:create_environment_hook('week6_pkg', 'pythonpath')
[4.574s] INFO:colcon.colcon_core.shell:Creating environment hook '/home/man6/Desktop/week6/ros2_ws/src/install/week6_pkg/share/week6_pkg/hook/pythonpath.ps1'
[4.575s] INFO:colcon.colcon_core.shell:Creating environment descriptor '/home/man6/Desktop/week6/ros2_ws/src/install/week6_pkg/share/week6_pkg/hook/pythonpath.dsv'
[4.578s] INFO:colcon.colcon_core.shell:Creating environment hook '/home/man6/Desktop/week6/ros2_ws/src/install/week6_pkg/share/week6_pkg/hook/pythonpath.sh'
[4.580s] Level 1:colcon.colcon_core.environment:checking '/home/man6/Desktop/week6/ros2_ws/src/install/week6_pkg/bin'
[4.581s] Level 1:colcon.colcon_core.environment:create_environment_scripts_only(week6_pkg)
[4.581s] INFO:colcon.colcon_core.shell:Creating package script '/home/man6/Desktop/week6/ros2_ws/src/install/week6_pkg/share/week6_pkg/package.ps1'
[4.587s] INFO:colcon.colcon_core.shell:Creating package descriptor '/home/man6/Desktop/week6/ros2_ws/src/install/week6_pkg/share/week6_pkg/package.dsv'
[4.590s] INFO:colcon.colcon_core.shell:Creating package script '/home/man6/Desktop/week6/ros2_ws/src/install/week6_pkg/share/week6_pkg/package.sh'
[4.593s] INFO:colcon.colcon_core.shell:Creating package script '/home/man6/Desktop/week6/ros2_ws/src/install/week6_pkg/share/week6_pkg/package.bash'
[4.597s] INFO:colcon.colcon_core.shell:Creating package script '/home/man6/Desktop/week6/ros2_ws/src/install/week6_pkg/share/week6_pkg/package.zsh'
[4.600s] Level 1:colcon.colcon_core.environment:create_file_with_runtime_dependencies(/home/man6/Desktop/week6/ros2_ws/src/install/week6_pkg/share/colcon-core/packages/week6_pkg)
[4.601s] DEBUG:colcon.colcon_parallel_executor.executor.parallel:closing loop
[4.602s] DEBUG:colcon.colcon_parallel_executor.executor.parallel:loop closed
[4.602s] DEBUG:colcon.colcon_parallel_executor.executor.parallel:run_until_complete finished with '0'
[4.602s] DEBUG:colcon.colcon_core.event_reactor:joining thread
[4.622s] INFO:colcon.colcon_core.plugin_system:Skipping extension 'colcon_notification.desktop_notification.terminal_notifier': Not used on non-Darwin systems
[4.622s] INFO:colcon.colcon_core.plugin_system:Skipping extension 'colcon_notification.desktop_notification.win32': Not used on non-Windows systems
[4.622s] INFO:colcon.colcon_notification.desktop_notification:Sending desktop notification using 'notify2'
[4.679s] DEBUG:colcon.colcon_core.event_reactor:joined thread
[4.680s] INFO:colcon.colcon_core.shell:Creating prefix script '/home/man6/Desktop/week6/ros2_ws/src/install/local_setup.ps1'
[4.684s] INFO:colcon.colcon_core.shell:Creating prefix util module '/home/man6/Desktop/week6/ros2_ws/src/install/_local_setup_util_ps1.py'
[4.690s] INFO:colcon.colcon_core.shell:Creating prefix chain script '/home/man6/Desktop/week6/ros2_ws/src/install/setup.ps1'
[4.694s] INFO:colcon.colcon_core.shell:Creating prefix script '/home/man6/Desktop/week6/ros2_ws/src/install/local_setup.sh'
[4.696s] INFO:colcon.colcon_core.shell:Creating prefix util module '/home/man6/Desktop/week6/ros2_ws/src/install/_local_setup_util_sh.py'
[4.698s] INFO:colcon.colcon_core.shell:Creating prefix chain script '/home/man6/Desktop/week6/ros2_ws/src/install/setup.sh'
[4.701s] INFO:colcon.colcon_core.shell:Creating prefix script '/home/man6/Desktop/week6/ros2_ws/src/install/local_setup.bash'
[4.703s] INFO:colcon.colcon_core.shell:Creating prefix chain script '/home/man6/Desktop/week6/ros2_ws/src/install/setup.bash'
[4.705s] INFO:colcon.colcon_core.shell:Creating prefix script '/home/man6/Desktop/week6/ros2_ws/src/install/local_setup.zsh'
[4.706s] INFO:colcon.colcon_core.shell:Creating prefix chain script '/home/man6/Desktop/week6/ros2_ws/src/install/setup.zsh'
