running egg_info
writing ../../build/my_launch_pkg/my_launch_pkg.egg-info/PKG-INFO
writing dependency_links to ../../build/my_launch_pkg/my_launch_pkg.egg-info/dependency_links.txt
writing entry points to ../../build/my_launch_pkg/my_launch_pkg.egg-info/entry_points.txt
writing requirements to ../../build/my_launch_pkg/my_launch_pkg.egg-info/requires.txt
writing top-level names to ../../build/my_launch_pkg/my_launch_pkg.egg-info/top_level.txt
reading manifest file '../../build/my_launch_pkg/my_launch_pkg.egg-info/SOURCES.txt'
writing manifest file '../../build/my_launch_pkg/my_launch_pkg.egg-info/SOURCES.txt'
running build
running build_py
copying my_launch_pkg/task3_follower.py -> /home/man6/Desktop/week4/ros2_ws/build/my_launch_pkg/build/lib/my_launch_pkg
running install
running install_lib
copying /home/man6/Desktop/week4/ros2_ws/build/my_launch_pkg/build/lib/my_launch_pkg/task3_follower.py -> /home/man6/Desktop/week4/ros2_ws/install/my_launch_pkg/lib/python3.10/site-packages/my_launch_pkg
byte-compiling /home/man6/Desktop/week4/ros2_ws/install/my_launch_pkg/lib/python3.10/site-packages/my_launch_pkg/task3_follower.py to task3_follower.cpython-310.pyc
running install_data
running install_egg_info
removing '/home/man6/Desktop/week4/ros2_ws/install/my_launch_pkg/lib/python3.10/site-packages/my_launch_pkg-0.0.0-py3.10.egg-info' (and everything under it)
Copying ../../build/my_launch_pkg/my_launch_pkg.egg-info to /home/man6/Desktop/week4/ros2_ws/install/my_launch_pkg/lib/python3.10/site-packages/my_launch_pkg-0.0.0-py3.10.egg-info
running install_scripts
Installing task3_follower script to /home/man6/Desktop/week4/ros2_ws/install/my_launch_pkg/lib/my_launch_pkg
writing list of installed files to '/home/man6/Desktop/week4/ros2_ws/build/my_launch_pkg/install.log'
