[0.760s] Invoking command in '/home/man6/Desktop/week4/ros2_ws/src/my_launch_pkg': PYTHONPATH=/home/man6/Desktop/week4/ros2_ws/build/my_launch_pkg/prefix_override:/usr/lib/python3/dist-packages/colcon_core/task/python/colcon_distutils_commands:/home/man6/Desktop/week4/ros2_ws/install/my_launch_pkg/lib/python3.10/site-packages:${PYTHONPATH} /usr/bin/python3 -W ignore:setup.py install is deprecated -W ignore:easy_install command is deprecated setup.py egg_info --egg-base ../../build/my_launch_pkg build --build-base /home/man6/Desktop/week4/ros2_ws/build/my_launch_pkg/build install --record /home/man6/Desktop/week4/ros2_ws/build/my_launch_pkg/install.log --single-version-externally-managed install_data
[1.049s] running egg_info
[1.050s] writing ../../build/my_launch_pkg/my_launch_pkg.egg-info/PKG-INFO
[1.050s] writing dependency_links to ../../build/my_launch_pkg/my_launch_pkg.egg-info/dependency_links.txt
[1.050s] writing entry points to ../../build/my_launch_pkg/my_launch_pkg.egg-info/entry_points.txt
[1.050s] writing requirements to ../../build/my_launch_pkg/my_launch_pkg.egg-info/requires.txt
[1.051s] writing top-level names to ../../build/my_launch_pkg/my_launch_pkg.egg-info/top_level.txt
[1.052s] reading manifest file '../../build/my_launch_pkg/my_launch_pkg.egg-info/SOURCES.txt'
[1.053s] writing manifest file '../../build/my_launch_pkg/my_launch_pkg.egg-info/SOURCES.txt'
[1.054s] running build
[1.054s] running build_py
[1.054s] copying my_launch_pkg/task3_follower.py -> /home/man6/Desktop/week4/ros2_ws/build/my_launch_pkg/build/lib/my_launch_pkg
[1.054s] running install
[1.054s] running install_lib
[1.056s] copying /home/man6/Desktop/week4/ros2_ws/build/my_launch_pkg/build/lib/my_launch_pkg/task3_follower.py -> /home/man6/Desktop/week4/ros2_ws/install/my_launch_pkg/lib/python3.10/site-packages/my_launch_pkg
[1.056s] byte-compiling /home/man6/Desktop/week4/ros2_ws/install/my_launch_pkg/lib/python3.10/site-packages/my_launch_pkg/task3_follower.py to task3_follower.cpython-310.pyc
[1.057s] running install_data
[1.057s] running install_egg_info
[1.059s] removing '/home/man6/Desktop/week4/ros2_ws/install/my_launch_pkg/lib/python3.10/site-packages/my_launch_pkg-0.0.0-py3.10.egg-info' (and everything under it)
[1.059s] Copying ../../build/my_launch_pkg/my_launch_pkg.egg-info to /home/man6/Desktop/week4/ros2_ws/install/my_launch_pkg/lib/python3.10/site-packages/my_launch_pkg-0.0.0-py3.10.egg-info
[1.060s] running install_scripts
[1.082s] Installing task3_follower script to /home/man6/Desktop/week4/ros2_ws/install/my_launch_pkg/lib/my_launch_pkg
[1.082s] writing list of installed files to '/home/man6/Desktop/week4/ros2_ws/build/my_launch_pkg/install.log'
[1.105s] Invoked command in '/home/man6/Desktop/week4/ros2_ws/src/my_launch_pkg' returned '0': PYTHONPATH=/home/man6/Desktop/week4/ros2_ws/build/my_launch_pkg/prefix_override:/usr/lib/python3/dist-packages/colcon_core/task/python/colcon_distutils_commands:/home/man6/Desktop/week4/ros2_ws/install/my_launch_pkg/lib/python3.10/site-packages:${PYTHONPATH} /usr/bin/python3 -W ignore:setup.py install is deprecated -W ignore:easy_install command is deprecated setup.py egg_info --egg-base ../../build/my_launch_pkg build --build-base /home/man6/Desktop/week4/ros2_ws/build/my_launch_pkg/build install --record /home/man6/Desktop/week4/ros2_ws/build/my_launch_pkg/install.log --single-version-externally-managed install_data
