[0.588s] DEBUG:colcon:Command line arguments: ['/usr/bin/colcon', 'build', '--packages-select', 'week7_pkg']
[0.588s] DEBUG:colcon:Parsed command line arguments: Namespace(log_base=None, log_level=None, verb_name='build', build_base='build', install_base='install', merge_install=False, symlink_install=False, test_result_base=None, continue_on_error=False, executor='parallel', parallel_workers=8, event_handlers=None, ignore_user_meta=False, metas=['./colcon.meta'], base_paths=['.'], packages_ignore=None, packages_ignore_regex=None, paths=None, packages_up_to=None, packages_up_to_regex=None, packages_above=None, packages_above_and_dependencies=None, packages_above_depth=None, packages_select_by_dep=None, packages_skip_by_dep=None, packages_skip_up_to=None, packages_select_build_failed=False, packages_skip_build_finished=False, packages_select_test_failures=False, packages_skip_test_passed=False, packages_select=['week7_pkg'], packages_skip=None, packages_select_regex=None, packages_skip_regex=None, packages_start=None, packages_end=None, allow_overriding=[], cmake_args=None, cmake_target=None, cmake_target_skip_unavailable=False, cmake_clean_cache=False, cmake_clean_first=False, cmake_force_configure=False, ament_cmake_args=None, catkin_cmake_args=None, catkin_skip_building_tests=False, verb_parser=<colcon_defaults.argument_parser.defaults.DefaultArgumentsDecorator object at 0x7c7e97b00550>, verb_extension=<colcon_core.verb.build.BuildVerb object at 0x7c7e97ac7f40>, main=<bound method BuildVerb.main of <colcon_core.verb.build.BuildVerb object at 0x7c7e97ac7f40>>)
[1.712s] Level 1:colcon.colcon_core.package_discovery:discover_packages(colcon_meta) check parameters
[1.713s] Level 1:colcon.colcon_core.package_discovery:discover_packages(recursive) check parameters
[1.714s] Level 1:colcon.colcon_core.package_discovery:discover_packages(ignore) check parameters
[1.714s] Level 1:colcon.colcon_core.package_discovery:discover_packages(path) check parameters
[1.714s] Level 1:colcon.colcon_core.package_discovery:discover_packages(colcon_meta) discover
[1.714s] Level 1:colcon.colcon_core.package_discovery:discover_packages(recursive) discover
[1.715s] INFO:colcon.colcon_core.package_discovery:Crawling recursively for packages in '/home/man6/Desktop/week7'
[1.715s] Level 1:colcon.colcon_core.package_identification:_identify(.) by extensions ['ignore', 'ignore_ament_install']
[1.716s] Level 1:colcon.colcon_core.package_identification:_identify(.) by extension 'ignore'
[1.716s] Level 1:colcon.colcon_core.package_identification:_identify(.) by extension 'ignore_ament_install'
[1.717s] Level 1:colcon.colcon_core.package_identification:_identify(.) by extensions ['colcon_pkg']
[1.717s] Level 1:colcon.colcon_core.package_identification:_identify(.) by extension 'colcon_pkg'
[1.717s] Level 1:colcon.colcon_core.package_identification:_identify(.) by extensions ['colcon_meta']
[1.717s] Level 1:colcon.colcon_core.package_identification:_identify(.) by extension 'colcon_meta'
[1.718s] Level 1:colcon.colcon_core.package_identification:_identify(.) by extensions ['ros']
[1.718s] Level 1:colcon.colcon_core.package_identification:_identify(.) by extension 'ros'
[1.780s] Level 1:colcon.colcon_core.package_identification:_identify(.) by extensions ['cmake', 'python']
[1.781s] Level 1:colcon.colcon_core.package_identification:_identify(.) by extension 'cmake'
[1.781s] Level 1:colcon.colcon_core.package_identification:_identify(.) by extension 'python'
[1.781s] Level 1:colcon.colcon_core.package_identification:_identify(.) by extensions ['python_setup_py']
[1.781s] Level 1:colcon.colcon_core.package_identification:_identify(.) by extension 'python_setup_py'
[1.782s] Level 1:colcon.colcon_core.package_identification:_identify(build) by extensions ['ignore', 'ignore_ament_install']
[1.783s] Level 1:colcon.colcon_core.package_identification:_identify(build) by extension 'ignore'
[1.783s] Level 1:colcon.colcon_core.package_identification:_identify(build) ignored
[1.783s] Level 1:colcon.colcon_core.package_identification:_identify(install) by extensions ['ignore', 'ignore_ament_install']
[1.784s] Level 1:colcon.colcon_core.package_identification:_identify(install) by extension 'ignore'
[1.784s] Level 1:colcon.colcon_core.package_identification:_identify(install) ignored
[1.784s] Level 1:colcon.colcon_core.package_identification:_identify(log) by extensions ['ignore', 'ignore_ament_install']
[1.785s] Level 1:colcon.colcon_core.package_identification:_identify(log) by extension 'ignore'
[1.785s] Level 1:colcon.colcon_core.package_identification:_identify(log) ignored
[1.785s] Level 1:colcon.colcon_core.package_identification:_identify(ros2_ws) by extensions ['ignore', 'ignore_ament_install']
[1.786s] Level 1:colcon.colcon_core.package_identification:_identify(ros2_ws) by extension 'ignore'
[1.786s] Level 1:colcon.colcon_core.package_identification:_identify(ros2_ws) by extension 'ignore_ament_install'
[1.786s] Level 1:colcon.colcon_core.package_identification:_identify(ros2_ws) by extensions ['colcon_pkg']
[1.786s] Level 1:colcon.colcon_core.package_identification:_identify(ros2_ws) by extension 'colcon_pkg'
[1.786s] Level 1:colcon.colcon_core.package_identification:_identify(ros2_ws) by extensions ['colcon_meta']
[1.786s] Level 1:colcon.colcon_core.package_identification:_identify(ros2_ws) by extension 'colcon_meta'
[1.787s] Level 1:colcon.colcon_core.package_identification:_identify(ros2_ws) by extensions ['ros']
[1.787s] Level 1:colcon.colcon_core.package_identification:_identify(ros2_ws) by extension 'ros'
[1.787s] Level 1:colcon.colcon_core.package_identification:_identify(ros2_ws) by extensions ['cmake', 'python']
[1.787s] Level 1:colcon.colcon_core.package_identification:_identify(ros2_ws) by extension 'cmake'
[1.787s] Level 1:colcon.colcon_core.package_identification:_identify(ros2_ws) by extension 'python'
[1.787s] Level 1:colcon.colcon_core.package_identification:_identify(ros2_ws) by extensions ['python_setup_py']
[1.788s] Level 1:colcon.colcon_core.package_identification:_identify(ros2_ws) by extension 'python_setup_py'
[1.788s] Level 1:colcon.colcon_core.package_identification:_identify(ros2_ws/build) by extensions ['ignore', 'ignore_ament_install']
[1.789s] Level 1:colcon.colcon_core.package_identification:_identify(ros2_ws/build) by extension 'ignore'
[1.789s] Level 1:colcon.colcon_core.package_identification:_identify(ros2_ws/build) ignored
[1.790s] Level 1:colcon.colcon_core.package_identification:_identify(ros2_ws/install) by extensions ['ignore', 'ignore_ament_install']
[1.790s] Level 1:colcon.colcon_core.package_identification:_identify(ros2_ws/install) by extension 'ignore'
[1.791s] Level 1:colcon.colcon_core.package_identification:_identify(ros2_ws/install) ignored
[1.791s] Level 1:colcon.colcon_core.package_identification:_identify(ros2_ws/log) by extensions ['ignore', 'ignore_ament_install']
[1.791s] Level 1:colcon.colcon_core.package_identification:_identify(ros2_ws/log) by extension 'ignore'
[1.792s] Level 1:colcon.colcon_core.package_identification:_identify(ros2_ws/log) ignored
[1.792s] Level 1:colcon.colcon_core.package_identification:_identify(ros2_ws/src) by extensions ['ignore', 'ignore_ament_install']
[1.793s] Level 1:colcon.colcon_core.package_identification:_identify(ros2_ws/src) by extension 'ignore'
[1.793s] Level 1:colcon.colcon_core.package_identification:_identify(ros2_ws/src) by extension 'ignore_ament_install'
[1.793s] Level 1:colcon.colcon_core.package_identification:_identify(ros2_ws/src) by extensions ['colcon_pkg']
[1.793s] Level 1:colcon.colcon_core.package_identification:_identify(ros2_ws/src) by extension 'colcon_pkg'
[1.794s] Level 1:colcon.colcon_core.package_identification:_identify(ros2_ws/src) by extensions ['colcon_meta']
[1.794s] Level 1:colcon.colcon_core.package_identification:_identify(ros2_ws/src) by extension 'colcon_meta'
[1.794s] Level 1:colcon.colcon_core.package_identification:_identify(ros2_ws/src) by extensions ['ros']
[1.794s] Level 1:colcon.colcon_core.package_identification:_identify(ros2_ws/src) by extension 'ros'
[1.795s] Level 1:colcon.colcon_core.package_identification:_identify(ros2_ws/src) by extensions ['cmake', 'python']
[1.795s] Level 1:colcon.colcon_core.package_identification:_identify(ros2_ws/src) by extension 'cmake'
[1.795s] Level 1:colcon.colcon_core.package_identification:_identify(ros2_ws/src) by extension 'python'
[1.795s] Level 1:colcon.colcon_core.package_identification:_identify(ros2_ws/src) by extensions ['python_setup_py']
[1.796s] Level 1:colcon.colcon_core.package_identification:_identify(ros2_ws/src) by extension 'python_setup_py'
[1.796s] Level 1:colcon.colcon_core.package_identification:_identify(ros2_ws/src/week7_pkg) by extensions ['ignore', 'ignore_ament_install']
[1.797s] Level 1:colcon.colcon_core.package_identification:_identify(ros2_ws/src/week7_pkg) by extension 'ignore'
[1.797s] Level 1:colcon.colcon_core.package_identification:_identify(ros2_ws/src/week7_pkg) by extension 'ignore_ament_install'
[1.797s] Level 1:colcon.colcon_core.package_identification:_identify(ros2_ws/src/week7_pkg) by extensions ['colcon_pkg']
[1.797s] Level 1:colcon.colcon_core.package_identification:_identify(ros2_ws/src/week7_pkg) by extension 'colcon_pkg'
[1.797s] Level 1:colcon.colcon_core.package_identification:_identify(ros2_ws/src/week7_pkg) by extensions ['colcon_meta']
[1.797s] Level 1:colcon.colcon_core.package_identification:_identify(ros2_ws/src/week7_pkg) by extension 'colcon_meta'
[1.798s] Level 1:colcon.colcon_core.package_identification:_identify(ros2_ws/src/week7_pkg) by extensions ['ros']
[1.798s] Level 1:colcon.colcon_core.package_identification:_identify(ros2_ws/src/week7_pkg) by extension 'ros'
[1.809s] DEBUG:colcon.colcon_core.package_identification:Package 'ros2_ws/src/week7_pkg' with type 'ros.ament_python' and name 'week7_pkg'
[1.809s] Level 1:colcon.colcon_core.package_discovery:discover_packages(recursive) using defaults
[1.810s] Level 1:colcon.colcon_core.package_discovery:discover_packages(ignore) discover
[1.810s] Level 1:colcon.colcon_core.package_discovery:discover_packages(ignore) using defaults
[1.810s] Level 1:colcon.colcon_core.package_discovery:discover_packages(path) discover
[1.810s] Level 1:colcon.colcon_core.package_discovery:discover_packages(path) using defaults
[1.917s] Level 1:colcon.colcon_core.package_discovery:discover_packages(prefix_path) check parameters
[1.917s] Level 1:colcon.colcon_core.package_discovery:discover_packages(prefix_path) discover
[1.935s] DEBUG:colcon.colcon_installed_package_information.package_discovery:Found 441 installed packages in /opt/ros/humble
[1.987s] Level 1:colcon.colcon_core.package_discovery:discover_packages(prefix_path) using defaults
[2.320s] Level 5:colcon.colcon_core.verb:set package 'week7_pkg' build argument 'cmake_args' from command line to 'None'
[2.320s] Level 5:colcon.colcon_core.verb:set package 'week7_pkg' build argument 'cmake_target' from command line to 'None'
[2.320s] Level 5:colcon.colcon_core.verb:set package 'week7_pkg' build argument 'cmake_target_skip_unavailable' from command line to 'False'
[2.320s] Level 5:colcon.colcon_core.verb:set package 'week7_pkg' build argument 'cmake_clean_cache' from command line to 'False'
[2.321s] Level 5:colcon.colcon_core.verb:set package 'week7_pkg' build argument 'cmake_clean_first' from command line to 'False'
[2.321s] Level 5:colcon.colcon_core.verb:set package 'week7_pkg' build argument 'cmake_force_configure' from command line to 'False'
[2.321s] Level 5:colcon.colcon_core.verb:set package 'week7_pkg' build argument 'ament_cmake_args' from command line to 'None'
[2.321s] Level 5:colcon.colcon_core.verb:set package 'week7_pkg' build argument 'catkin_cmake_args' from command line to 'None'
[2.321s] Level 5:colcon.colcon_core.verb:set package 'week7_pkg' build argument 'catkin_skip_building_tests' from command line to 'False'
[2.321s] DEBUG:colcon.colcon_core.verb:Building package 'week7_pkg' with the following arguments: {'ament_cmake_args': None, 'build_base': '/home/man6/Desktop/week7/build/week7_pkg', 'catkin_cmake_args': None, 'catkin_skip_building_tests': False, 'cmake_args': None, 'cmake_clean_cache': False, 'cmake_clean_first': False, 'cmake_force_configure': False, 'cmake_target': None, 'cmake_target_skip_unavailable': False, 'install_base': '/home/man6/Desktop/week7/install/week7_pkg', 'merge_install': False, 'path': '/home/man6/Desktop/week7/ros2_ws/src/week7_pkg', 'symlink_install': False, 'test_result_base': None}
[2.322s] INFO:colcon.colcon_core.executor:Executing jobs using 'parallel' executor
[2.328s] DEBUG:colcon.colcon_parallel_executor.executor.parallel:run_until_complete
[2.329s] INFO:colcon.colcon_ros.task.ament_python.build:Building ROS package in '/home/man6/Desktop/week7/ros2_ws/src/week7_pkg' with build type 'ament_python'
[2.329s] Level 1:colcon.colcon_core.shell:create_environment_hook('week7_pkg', 'ament_prefix_path')
[2.340s] INFO:colcon.colcon_core.plugin_system:Skipping extension 'colcon_core.shell.bat': Not used on non-Windows systems
[2.341s] INFO:colcon.colcon_core.shell:Creating environment hook '/home/man6/Desktop/week7/install/week7_pkg/share/week7_pkg/hook/ament_prefix_path.ps1'
[2.346s] INFO:colcon.colcon_core.shell:Creating environment descriptor '/home/man6/Desktop/week7/install/week7_pkg/share/week7_pkg/hook/ament_prefix_path.dsv'
[2.349s] INFO:colcon.colcon_core.shell:Creating environment hook '/home/man6/Desktop/week7/install/week7_pkg/share/week7_pkg/hook/ament_prefix_path.sh'
[2.355s] INFO:colcon.colcon_core.shell:Skip shell extension 'powershell' for command environment: Not usable outside of PowerShell
[2.355s] DEBUG:colcon.colcon_core.shell:Skip shell extension 'dsv' for command environment
[3.933s] INFO:colcon.colcon_core.task.python.build:Building Python package in '/home/man6/Desktop/week7/ros2_ws/src/week7_pkg'
[3.935s] INFO:colcon.colcon_core.shell:Skip shell extension 'powershell' for command environment: Not usable outside of PowerShell
[3.935s] DEBUG:colcon.colcon_core.shell:Skip shell extension 'dsv' for command environment
[5.938s] DEBUG:colcon.colcon_core.event_handler.log_command:Invoking command in '/home/man6/Desktop/week7/ros2_ws/src/week7_pkg': PYTHONPATH=/home/man6/Desktop/week7/build/week7_pkg/prefix_override:/usr/lib/python3/dist-packages/colcon_core/task/python/colcon_distutils_commands:/home/man6/Desktop/week7/install/week7_pkg/lib/python3.10/site-packages:${PYTHONPATH} /usr/bin/python3 -W ignore:setup.py install is deprecated -W ignore:easy_install command is deprecated setup.py egg_info --egg-base ../../../build/week7_pkg build --build-base /home/man6/Desktop/week7/build/week7_pkg/build install --record /home/man6/Desktop/week7/build/week7_pkg/install.log --single-version-externally-managed install_data
[7.611s] DEBUG:colcon.colcon_core.event_handler.log_command:Invoked command in '/home/man6/Desktop/week7/ros2_ws/src/week7_pkg' returned '0': PYTHONPATH=/home/man6/Desktop/week7/build/week7_pkg/prefix_override:/usr/lib/python3/dist-packages/colcon_core/task/python/colcon_distutils_commands:/home/man6/Desktop/week7/install/week7_pkg/lib/python3.10/site-packages:${PYTHONPATH} /usr/bin/python3 -W ignore:setup.py install is deprecated -W ignore:easy_install command is deprecated setup.py egg_info --egg-base ../../../build/week7_pkg build --build-base /home/man6/Desktop/week7/build/week7_pkg/build install --record /home/man6/Desktop/week7/build/week7_pkg/install.log --single-version-externally-managed install_data
[7.621s] Level 1:colcon.colcon_core.environment:checking '/home/man6/Desktop/week7/install/week7_pkg' for CMake module files
[7.622s] Level 1:colcon.colcon_core.environment:checking '/home/man6/Desktop/week7/install/week7_pkg' for CMake config files
[7.625s] Level 1:colcon.colcon_core.environment:checking '/home/man6/Desktop/week7/install/week7_pkg/lib'
[7.625s] Level 1:colcon.colcon_core.environment:checking '/home/man6/Desktop/week7/install/week7_pkg/bin'
[7.626s] Level 1:colcon.colcon_core.environment:checking '/home/man6/Desktop/week7/install/week7_pkg/lib/pkgconfig/week7_pkg.pc'
[7.627s] Level 1:colcon.colcon_core.environment:checking '/home/man6/Desktop/week7/install/week7_pkg/lib/python3.10/site-packages'
[7.627s] Level 1:colcon.colcon_core.shell:create_environment_hook('week7_pkg', 'pythonpath')
[7.628s] INFO:colcon.colcon_core.shell:Creating environment hook '/home/man6/Desktop/week7/install/week7_pkg/share/week7_pkg/hook/pythonpath.ps1'
[7.630s] INFO:colcon.colcon_core.shell:Creating environment descriptor '/home/man6/Desktop/week7/install/week7_pkg/share/week7_pkg/hook/pythonpath.dsv'
[7.632s] INFO:colcon.colcon_core.shell:Creating environment hook '/home/man6/Desktop/week7/install/week7_pkg/share/week7_pkg/hook/pythonpath.sh'
[7.635s] Level 1:colcon.colcon_core.environment:checking '/home/man6/Desktop/week7/install/week7_pkg/bin'
[7.635s] Level 1:colcon.colcon_core.environment:create_environment_scripts_only(week7_pkg)
[7.637s] INFO:colcon.colcon_core.shell:Creating package script '/home/man6/Desktop/week7/install/week7_pkg/share/week7_pkg/package.ps1'
[7.643s] INFO:colcon.colcon_core.shell:Creating package descriptor '/home/man6/Desktop/week7/install/week7_pkg/share/week7_pkg/package.dsv'
[7.646s] INFO:colcon.colcon_core.shell:Creating package script '/home/man6/Desktop/week7/install/week7_pkg/share/week7_pkg/package.sh'
[7.649s] INFO:colcon.colcon_core.shell:Creating package script '/home/man6/Desktop/week7/install/week7_pkg/share/week7_pkg/package.bash'
[7.654s] INFO:colcon.colcon_core.shell:Creating package script '/home/man6/Desktop/week7/install/week7_pkg/share/week7_pkg/package.zsh'
[7.658s] Level 1:colcon.colcon_core.environment:create_file_with_runtime_dependencies(/home/man6/Desktop/week7/install/week7_pkg/share/colcon-core/packages/week7_pkg)
[7.661s] DEBUG:colcon.colcon_parallel_executor.executor.parallel:closing loop
[7.661s] DEBUG:colcon.colcon_parallel_executor.executor.parallel:loop closed
[7.661s] DEBUG:colcon.colcon_parallel_executor.executor.parallel:run_until_complete finished with '0'
[7.662s] DEBUG:colcon.colcon_core.event_reactor:joining thread
[7.692s] INFO:colcon.colcon_core.plugin_system:Skipping extension 'colcon_notification.desktop_notification.terminal_notifier': Not used on non-Darwin systems
[7.693s] INFO:colcon.colcon_core.plugin_system:Skipping extension 'colcon_notification.desktop_notification.win32': Not used on non-Windows systems
[7.693s] INFO:colcon.colcon_notification.desktop_notification:Sending desktop notification using 'notify2'
[7.768s] DEBUG:colcon.colcon_core.event_reactor:joined thread
[7.769s] INFO:colcon.colcon_core.shell:Creating prefix script '/home/man6/Desktop/week7/install/local_setup.ps1'
[7.774s] INFO:colcon.colcon_core.shell:Creating prefix util module '/home/man6/Desktop/week7/install/_local_setup_util_ps1.py'
[7.781s] INFO:colcon.colcon_core.shell:Creating prefix chain script '/home/man6/Desktop/week7/install/setup.ps1'
[7.785s] INFO:colcon.colcon_core.shell:Creating prefix script '/home/man6/Desktop/week7/install/local_setup.sh'
[7.787s] INFO:colcon.colcon_core.shell:Creating prefix util module '/home/man6/Desktop/week7/install/_local_setup_util_sh.py'
[7.790s] INFO:colcon.colcon_core.shell:Creating prefix chain script '/home/man6/Desktop/week7/install/setup.sh'
[7.794s] INFO:colcon.colcon_core.shell:Creating prefix script '/home/man6/Desktop/week7/install/local_setup.bash'
[7.796s] INFO:colcon.colcon_core.shell:Creating prefix chain script '/home/man6/Desktop/week7/install/setup.bash'
[7.800s] INFO:colcon.colcon_core.shell:Creating prefix script '/home/man6/Desktop/week7/install/local_setup.zsh'
[7.803s] INFO:colcon.colcon_core.shell:Creating prefix chain script '/home/man6/Desktop/week7/install/setup.zsh'
