[0.611s] Invoking command in '/home/man6/ros2_ws/src/my_turtle_package': PYTHONPATH=/home/man6/ros2_ws/build/my_turtle_package/prefix_override:/usr/lib/python3/dist-packages/colcon_core/task/python/colcon_distutils_commands:/home/man6/ros2_ws/install/my_turtle_package/lib/python3.10/site-packages:${PYTHONPATH} /usr/bin/python3 -W ignore:setup.py install is deprecated -W ignore:easy_install command is deprecated setup.py egg_info --egg-base ../../build/my_turtle_package build --build-base /home/man6/ros2_ws/build/my_turtle_package/build install --record /home/man6/ros2_ws/build/my_turtle_package/install.log --single-version-externally-managed install_data
[0.862s] running egg_info
[0.863s] writing ../../build/my_turtle_package/my_turtle_package.egg-info/PKG-INFO
[0.863s] writing dependency_links to ../../build/my_turtle_package/my_turtle_package.egg-info/dependency_links.txt
[0.863s] writing entry points to ../../build/my_turtle_package/my_turtle_package.egg-info/entry_points.txt
[0.864s] writing requirements to ../../build/my_turtle_package/my_turtle_package.egg-info/requires.txt
[0.864s] writing top-level names to ../../build/my_turtle_package/my_turtle_package.egg-info/top_level.txt
[0.865s] reading manifest file '../../build/my_turtle_package/my_turtle_package.egg-info/SOURCES.txt'
[0.866s] writing manifest file '../../build/my_turtle_package/my_turtle_package.egg-info/SOURCES.txt'
[0.866s] running build
[0.866s] running build_py
[0.867s] copying my_turtle_package/move_turtle.py -> /home/man6/ros2_ws/build/my_turtle_package/build/lib/my_turtle_package
[0.867s] running install
[0.867s] running install_lib
[0.868s] copying /home/man6/ros2_ws/build/my_turtle_package/build/lib/my_turtle_package/move_turtle.py -> /home/man6/ros2_ws/install/my_turtle_package/lib/python3.10/site-packages/my_turtle_package
[0.868s] byte-compiling /home/man6/ros2_ws/install/my_turtle_package/lib/python3.10/site-packages/my_turtle_package/move_turtle.py to move_turtle.cpython-310.pyc
[0.869s] running install_data
[0.869s] running install_egg_info
[0.871s] removing '/home/man6/ros2_ws/install/my_turtle_package/lib/python3.10/site-packages/my_turtle_package-0.0.0-py3.10.egg-info' (and everything under it)
[0.871s] Copying ../../build/my_turtle_package/my_turtle_package.egg-info to /home/man6/ros2_ws/install/my_turtle_package/lib/python3.10/site-packages/my_turtle_package-0.0.0-py3.10.egg-info
[0.872s] running install_scripts
[0.893s] Installing move_turtle script to /home/man6/ros2_ws/install/my_turtle_package/lib/my_turtle_package
[0.893s] writing list of installed files to '/home/man6/ros2_ws/build/my_turtle_package/install.log'
[0.917s] Invoked command in '/home/man6/ros2_ws/src/my_turtle_package' returned '0': PYTHONPATH=/home/man6/ros2_ws/build/my_turtle_package/prefix_override:/usr/lib/python3/dist-packages/colcon_core/task/python/colcon_distutils_commands:/home/man6/ros2_ws/install/my_turtle_package/lib/python3.10/site-packages:${PYTHONPATH} /usr/bin/python3 -W ignore:setup.py install is deprecated -W ignore:easy_install command is deprecated setup.py egg_info --egg-base ../../build/my_turtle_package build --build-base /home/man6/ros2_ws/build/my_turtle_package/build install --record /home/man6/ros2_ws/build/my_turtle_package/install.log --single-version-externally-managed install_data
